Copyright 1986-2022 Xilinx, Inc. All Rights Reserved. Copyright 2022-2024 Advanced Micro Devices, Inc. All Rights Reserved.
------------------------------------------------------------------------------------------------------------------------------------------------------------------------------------
| Tool Version : Vivado v.2023.2.2 (lin64) Build 4126759 Thu Feb  8 23:52:05 MST 2024
| Date         : Sat Jun 22 23:08:00 2024
| Host         : BSERVER05 running 64-bit Linux Mint 21.3
| Command      : report_bus_skew -warn_on_violation -file top_level_circuit_bus_skew_routed.rpt -pb top_level_circuit_bus_skew_routed.pb -rpx top_level_circuit_bus_skew_routed.rpx
| Design       : top_level_circuit
| Device       : 7s25-csga225
| Speed File   : -1  PRODUCTION 1.23 2018-06-13
| Design State : Routed
------------------------------------------------------------------------------------------------------------------------------------------------------------------------------------

Bus Skew Report

No bus skew constraints

