Copyright 1986-2022 Xilinx, Inc. All Rights Reserved. Copyright 2022-2024 Advanced Micro Devices, Inc. All Rights Reserved.
---------------------------------------------------------------------------------------------------------------------------------------------
| Tool Version : Vivado v.2023.2.2 (lin64) Build 4126759 Thu Feb  8 23:52:05 MST 2024
| Date         : Tue Jun 18 18:41:45 2024
| Host         : BSERVER05 running 64-bit Linux Mint 21.3
| Command      : report_control_sets -verbose -file top_level_circuit_control_sets_placed.rpt
| Design       : top_level_circuit
| Device       : xc7s25
---------------------------------------------------------------------------------------------------------------------------------------------

Control Set Information

Table of Contents
-----------------
1. Summary
2. Histogram
3. Flip-Flop Distribution
4. Detailed Control Set Information

1. Summary
----------

+----------------------------------------------------------+-------+
|                          Status                          | Count |
+----------------------------------------------------------+-------+
| Total control sets                                       |   156 |
|    Minimum number of control sets                        |   156 |
|    Addition due to synthesis replication                 |     0 |
|    Addition due to physical synthesis replication        |     0 |
| Unused register locations in slices containing registers |   599 |
+----------------------------------------------------------+-------+
* Control sets can be merged at opt_design using control_set_merge or merge_equivalent_drivers
** Run report_qor_suggestions for automated merging and remapping suggestions


2. Histogram
------------

+--------------------+-------+
|       Fanout       | Count |
+--------------------+-------+
| Total control sets |   156 |
| >= 0 to < 4        |    38 |
| >= 4 to < 6        |     2 |
| >= 6 to < 8        |     4 |
| >= 8 to < 10       |     4 |
| >= 10 to < 12      |     0 |
| >= 12 to < 14      |     0 |
| >= 14 to < 16      |     0 |
| >= 16              |   108 |
+--------------------+-------+
* Control sets can be remapped at either synth_design or opt_design


3. Flip-Flop Distribution
-------------------------

+--------------+-----------------------+------------------------+-----------------+--------------+
| Clock Enable | Synchronous Set/Reset | Asynchronous Set/Reset | Total Registers | Total Slices |
+--------------+-----------------------+------------------------+-----------------+--------------+
| No           | No                    | No                     |             194 |           79 |
| No           | No                    | Yes                    |              14 |           14 |
| No           | Yes                   | No                     |              19 |           11 |
| Yes          | No                    | No                     |            2179 |         1118 |
| Yes          | No                    | Yes                    |              51 |           22 |
| Yes          | Yes                   | No                     |               0 |            0 |
+--------------+-----------------------+------------------------+-----------------+--------------+


4. Detailed Control Set Information
-----------------------------------

+----------------------------------------------------+----------------------------------------------+-----------------------------------------------+------------------+----------------+--------------+
|                    Clock Signal                    |                 Enable Signal                |                Set/Reset Signal               | Slice Load Count | Bel Load Count | Bels / Slice |
+----------------------------------------------------+----------------------------------------------+-----------------------------------------------+------------------+----------------+--------------+
|  clk_IBUF_BUFG                                     | uart_controller/tx                           |                                               |                1 |              1 |         1.00 |
|  proc_clk_BUFG                                     |                                              | processor/registers/IP_reg_reg[3]_LDC_i_1_n_0 |                1 |              1 |         1.00 |
|  proc_clk_BUFG                                     |                                              | processor/registers/IP_reg_reg[3]_LDC_i_2_n_0 |                1 |              1 |         1.00 |
|  processor/registers/IP_reg_reg[3]_LDC_i_1_n_0     |                                              | processor/registers/IP_reg_reg[3]_LDC_i_2_n_0 |                1 |              1 |         1.00 |
|  processor/registers/IP_reg_reg[5]_LDC_i_1_n_0     |                                              | processor/registers/IP_reg_reg[5]_LDC_i_2_n_0 |                1 |              1 |         1.00 |
|  processor/registers/IP_reg_reg[4]_LDC_i_1_n_0     |                                              | processor/registers/IP_reg_reg[4]_LDC_i_2_n_0 |                1 |              1 |         1.00 |
|  processor/registers/IP_reg_reg[6]_LDC_i_1_n_0     |                                              | processor/registers/IP_reg_reg[6]_LDC_i_2_n_0 |                1 |              1 |         1.00 |
|  io_cont/freeze_reg_16                             |                                              | io_cont/freeze_reg_15                         |                1 |              1 |         1.00 |
|  io_cont/freeze_reg_13                             |                                              | io_cont/freeze_reg_14                         |                1 |              1 |         1.00 |
|  processor/registers/IP_reg_reg[2]_LDC_i_1_n_0     |                                              | processor/registers/IP_reg_reg[2]_LDC_i_2_n_0 |                1 |              1 |         1.00 |
|  clk_IBUF_BUFG                                     | uart_controller/rx_dv                        |                                               |                1 |              1 |         1.00 |
|  clk_IBUF_BUFG                                     | uart_controller/rx_data[6]_i_1_n_0           |                                               |                1 |              1 |         1.00 |
|  clk_IBUF_BUFG                                     | uart_controller/rx_data[5]_i_1_n_0           |                                               |                1 |              1 |         1.00 |
|  clk_IBUF_BUFG                                     | uart_controller/rx_data[4]_i_1_n_0           |                                               |                1 |              1 |         1.00 |
|  clk_IBUF_BUFG                                     | uart_controller/rx_data[3]_i_1_n_0           |                                               |                1 |              1 |         1.00 |
|  clk_IBUF_BUFG                                     | uart_controller/rx_data[2]_i_1_n_0           |                                               |                1 |              1 |         1.00 |
|  clk_IBUF_BUFG                                     | uart_controller/rx_data[1]_i_1_n_0           |                                               |                1 |              1 |         1.00 |
|  clk_IBUF_BUFG                                     | uart_controller/rx_data[0]_i_1_n_0           |                                               |                1 |              1 |         1.00 |
|  proc_clk_BUFG                                     |                                              | processor/registers/IP_reg_reg[5]_LDC_i_1_n_0 |                1 |              1 |         1.00 |
|  proc_clk_BUFG                                     |                                              |                                               |                1 |              1 |         1.00 |
|  proc_clk_BUFG                                     |                                              | processor/registers/IP_reg_reg[2]_LDC_i_1_n_0 |                1 |              1 |         1.00 |
|  proc_clk_BUFG                                     |                                              | processor/registers/IP_reg_reg[2]_LDC_i_2_n_0 |                1 |              1 |         1.00 |
|  proc_clk_BUFG                                     |                                              | io_cont/freeze_reg_15                         |                1 |              1 |         1.00 |
|  proc_clk_BUFG                                     |                                              | io_cont/freeze_reg_13                         |                1 |              1 |         1.00 |
|  proc_clk_BUFG                                     |                                              | io_cont/freeze_reg_14                         |                1 |              1 |         1.00 |
|  proc_clk_BUFG                                     |                                              | io_cont/freeze_reg_16                         |                1 |              1 |         1.00 |
|  proc_clk_BUFG                                     |                                              | processor/registers/IP_reg_reg[6]_LDC_i_2_n_0 |                1 |              1 |         1.00 |
|  proc_clk_BUFG                                     |                                              | processor/registers/IP_reg_reg[6]_LDC_i_1_n_0 |                1 |              1 |         1.00 |
|  proc_clk_BUFG                                     |                                              | processor/registers/IP_reg_reg[4]_LDC_i_2_n_0 |                1 |              1 |         1.00 |
|  proc_clk_BUFG                                     |                                              | processor/registers/IP_reg_reg[4]_LDC_i_1_n_0 |                1 |              1 |         1.00 |
|  proc_clk_BUFG                                     |                                              | processor/registers/IP_reg_reg[5]_LDC_i_2_n_0 |                1 |              1 |         1.00 |
|  processor/registers/read1_reg[1]_i_11_2[0]        |                                              |                                               |                1 |              2 |         2.00 |
|  processor/registers/read1_reg[1]_i_11_1[0]        |                                              |                                               |                1 |              2 |         2.00 |
|  processor/registers/reg_RegWrite                  |                                              |                                               |                1 |              2 |         2.00 |
|  proc_clk_BUFG                                     | processor/registers/read1_reg[1]_i_7[0]      | io_cont/proc_reset                            |                2 |              2 |         1.00 |
|  processor/registers/internal_reg1_reg[1]_i_6_0[0] |                                              |                                               |                1 |              2 |         2.00 |
|  processor/registers/internal_reg2_reg[1]_i_1_0[0] |                                              |                                               |                1 |              2 |         2.00 |
|  processor/registers/read1_reg[1]_i_7[0]           |                                              |                                               |                2 |              2 |         1.00 |
|  clk_IBUF_BUFG                                     | processor/registers/unknown_syscall_reg_1[0] |                                               |                2 |              4 |         2.00 |
|  processor/registers/read1_reg[1]_i_7_0[0]         |                                              |                                               |                2 |              4 |         2.00 |
|  clk_IBUF_BUFG                                     |                                              | uart_controller/rx_bit_index0                 |                2 |              6 |         3.00 |
|  clk_IBUF_BUFG                                     |                                              | uart_controller/tx_bit_index0                 |                2 |              6 |         3.00 |
|  processor/registers/address_reg[6]_i_5_0[0]       |                                              |                                               |                2 |              7 |         3.50 |
|  processor/registers/read1_reg[1]_i_11_0[0]        |                                              |                                               |                5 |              7 |         1.40 |
|  clk_IBUF_BUFG                                     | processor/id/chip_select_reg[1][0]           |                                               |                3 |              8 |         2.67 |
|  clk_IBUF_BUFG                                     | uart_controller/tx_data                      |                                               |                3 |              8 |         2.67 |
|  clk_IBUF_BUFG                                     | uart_controller/E[0]                         |                                               |                3 |              8 |         2.67 |
|  io_cont/E[0]                                      |                                              |                                               |                2 |              8 |         4.00 |
|  clk_IBUF_BUFG                                     | processor/registers/freeze_reg_6[0]          |                                               |                9 |             21 |         2.33 |
|  clk_IBUF_BUFG                                     | processor/registers/freeze_reg_16[0]         |                                               |               14 |             21 |         1.50 |
|  clk_IBUF_BUFG                                     | processor/registers/freeze_reg_13[0]         |                                               |                8 |             21 |         2.62 |
|  clk_IBUF_BUFG                                     | processor/registers/freeze_reg_28[0]         |                                               |               11 |             21 |         1.91 |
|  clk_IBUF_BUFG                                     | processor/registers/freeze_reg_26[0]         |                                               |                5 |             21 |         4.20 |
|  clk_IBUF_BUFG                                     | processor/registers/freeze_reg_29[0]         |                                               |                9 |             21 |         2.33 |
|  clk_IBUF_BUFG                                     | processor/registers/E[0]                     |                                               |               13 |             21 |         1.62 |
|  clk_IBUF_BUFG                                     | processor/registers/freeze_reg_25[0]         |                                               |                7 |             21 |         3.00 |
|  clk_IBUF_BUFG                                     | processor/registers/freeze_reg_31[0]         |                                               |                8 |             21 |         2.62 |
|  clk_IBUF_BUFG                                     | processor/registers/freeze_reg_63[0]         |                                               |               10 |             21 |         2.10 |
|  clk_IBUF_BUFG                                     | processor/registers/freeze_reg_60[0]         |                                               |               11 |             21 |         1.91 |
|  clk_IBUF_BUFG                                     | processor/registers/freeze_reg_24[0]         |                                               |                9 |             21 |         2.33 |
|  clk_IBUF_BUFG                                     | processor/registers/freeze_reg_35[0]         |                                               |               13 |             21 |         1.62 |
|  clk_IBUF_BUFG                                     | processor/registers/freeze_reg_62[0]         |                                               |               10 |             21 |         2.10 |
|  clk_IBUF_BUFG                                     | processor/registers/freeze_reg_61[0]         |                                               |               12 |             21 |         1.75 |
|  clk_IBUF_BUFG                                     | processor/registers/freeze_reg_27[0]         |                                               |               10 |             21 |         2.10 |
|  clk_IBUF_BUFG                                     | processor/registers/freeze_reg_32[0]         |                                               |                9 |             21 |         2.33 |
|  clk_IBUF_BUFG                                     | processor/registers/freeze_reg_58[0]         |                                               |               12 |             21 |         1.75 |
|  clk_IBUF_BUFG                                     | processor/registers/freeze_reg_59[0]         |                                               |               18 |             21 |         1.17 |
|  clk_IBUF_BUFG                                     | processor/registers/freeze_reg_33[0]         |                                               |               13 |             21 |         1.62 |
|  clk_IBUF_BUFG                                     | processor/registers/freeze_reg_34[0]         |                                               |               15 |             21 |         1.40 |
|  clk_IBUF_BUFG                                     | processor/registers/freeze_reg_64[0]         |                                               |                6 |             21 |         3.50 |
|  clk_IBUF_BUFG                                     | processor/registers/freeze_reg_36[0]         |                                               |               11 |             21 |         1.91 |
|  clk_IBUF_BUFG                                     | processor/registers/freeze_reg_65[0]         |                                               |                8 |             21 |         2.62 |
|  clk_IBUF_BUFG                                     | processor/registers/freeze_reg_107[0]        |                                               |                9 |             21 |         2.33 |
|  proc_clk_BUFG                                     | processor/id/freeze_reg_1[0]                 | io_cont/proc_reset                            |                7 |             21 |         3.00 |
|  clk_IBUF_BUFG                                     | processor/registers/freeze_reg_99[0]         |                                               |               10 |             21 |         2.10 |
|  clk_IBUF_BUFG                                     | processor/registers/freeze_reg_98[0]         |                                               |               11 |             21 |         1.91 |
|  processor/id/read2_reg[1]_0[0]                    |                                              |                                               |                7 |             21 |         3.00 |
|  processor/id/E[0]                                 |                                              |                                               |               10 |             21 |         2.10 |
|  clk_IBUF_BUFG                                     | processor/registers/freeze_reg_81[0]         |                                               |                5 |             21 |         4.20 |
|  clk_IBUF_BUFG                                     | processor/registers/freeze_reg_80[0]         |                                               |                9 |             21 |         2.33 |
|  clk_IBUF_BUFG                                     | processor/registers/freeze_reg_12[0]         |                                               |               10 |             21 |         2.10 |
|  clk_IBUF_BUFG                                     | processor/registers/freeze_reg_105[0]        |                                               |               15 |             21 |         1.40 |
|  clk_IBUF_BUFG                                     | processor/registers/freeze_reg_106[0]        |                                               |                9 |             21 |         2.33 |
|  clk_IBUF_BUFG                                     | processor/registers/freeze_reg_101[0]        |                                               |               10 |             21 |         2.10 |
|  clk_IBUF_BUFG                                     | processor/registers/freeze_reg_102[0]        |                                               |               13 |             21 |         1.62 |
|  clk_IBUF_BUFG                                     | processor/registers/freeze_reg_30[0]         |                                               |                7 |             21 |         3.00 |
|  clk_IBUF_BUFG                                     | processor/registers/freeze_reg_14[0]         |                                               |                8 |             21 |         2.62 |
|  clk_IBUF_BUFG                                     | processor/registers/freeze_reg_104[0]        |                                               |               10 |             21 |         2.10 |
|  clk_IBUF_BUFG                                     | processor/registers/freeze_reg_103[0]        |                                               |               11 |             21 |         1.91 |
|  clk_IBUF_BUFG                                     | processor/registers/freeze_reg_23[0]         |                                               |                9 |             21 |         2.33 |
|  clk_IBUF_BUFG                                     | processor/registers/freeze_reg_22[0]         |                                               |               11 |             21 |         1.91 |
|  clk_IBUF_BUFG                                     | processor/registers/freeze_reg_21[0]         |                                               |                6 |             21 |         3.50 |
|  clk_IBUF_BUFG                                     | processor/registers/freeze_reg_20[0]         |                                               |                9 |             21 |         2.33 |
|  clk_IBUF_BUFG                                     | processor/registers/freeze_reg_17[0]         |                                               |                7 |             21 |         3.00 |
|  clk_IBUF_BUFG                                     | processor/registers/freeze_reg_2[0]          |                                               |                9 |             21 |         2.33 |
|  clk_IBUF_BUFG                                     | processor/registers/freeze_reg_15[0]         |                                               |                9 |             21 |         2.33 |
|  clk_IBUF_BUFG                                     | processor/registers/freeze_reg_97[0]         |                                               |               11 |             21 |         1.91 |
|  clk_IBUF_BUFG                                     | processor/registers/freeze_reg_18[0]         |                                               |               12 |             21 |         1.75 |
|  clk_IBUF_BUFG                                     | processor/registers/freeze_reg_66[0]         |                                               |                9 |             21 |         2.33 |
|  clk_IBUF_BUFG                                     | processor/registers/freeze_reg_77[0]         |                                               |               13 |             21 |         1.62 |
|  clk_IBUF_BUFG                                     | processor/registers/freeze_reg_73[0]         |                                               |               13 |             21 |         1.62 |
|  clk_IBUF_BUFG                                     | processor/registers/freeze_reg_72[0]         |                                               |               12 |             21 |         1.75 |
|  clk_IBUF_BUFG                                     | processor/registers/freeze_reg_71[0]         |                                               |               11 |             21 |         1.91 |
|  clk_IBUF_BUFG                                     | processor/registers/freeze_reg_70[0]         |                                               |                9 |             21 |         2.33 |
|  clk_IBUF_BUFG                                     | processor/registers/freeze_reg_74[0]         |                                               |                9 |             21 |         2.33 |
|  clk_IBUF_BUFG                                     | processor/registers/freeze_reg_7[0]          |                                               |               10 |             21 |         2.10 |
|  clk_IBUF_BUFG                                     | processor/registers/freeze_reg_68[0]         |                                               |                6 |             21 |         3.50 |
|  clk_IBUF_BUFG                                     | processor/registers/freeze_reg_67[0]         |                                               |               11 |             21 |         1.91 |
|  clk_IBUF_BUFG                                     | processor/registers/freeze_reg_69[0]         |                                               |                9 |             21 |         2.33 |
|  clk_IBUF_BUFG                                     | processor/registers/freeze_reg_57[0]         |                                               |               14 |             21 |         1.50 |
|  clk_IBUF_BUFG                                     | processor/registers/freeze_reg_56[0]         |                                               |               13 |             21 |         1.62 |
|  clk_IBUF_BUFG                                     | processor/registers/freeze_reg_55[0]         |                                               |               12 |             21 |         1.75 |
|  clk_IBUF_BUFG                                     | processor/registers/freeze_reg_82[0]         |                                               |               13 |             21 |         1.62 |
|  clk_IBUF_BUFG                                     | processor/registers/freeze_reg_54[0]         |                                               |               15 |             21 |         1.40 |
|  clk_IBUF_BUFG                                     | processor/registers/freeze_reg_52[0]         |                                               |               15 |             21 |         1.40 |
|  clk_IBUF_BUFG                                     | processor/registers/freeze_reg_51[0]         |                                               |               11 |             21 |         1.91 |
|  clk_IBUF_BUFG                                     | processor/registers/freeze_reg_53[0]         |                                               |               14 |             21 |         1.50 |
|  clk_IBUF_BUFG                                     | processor/registers/freeze_reg_50[0]         |                                               |               14 |             21 |         1.50 |
|  clk_IBUF_BUFG                                     | processor/registers/freeze_reg_5[0]          |                                               |               14 |             21 |         1.50 |
|  clk_IBUF_BUFG                                     | processor/registers/freeze_reg_48[0]         |                                               |               13 |             21 |         1.62 |
|  clk_IBUF_BUFG                                     | processor/registers/freeze_reg_47[0]         |                                               |               10 |             21 |         2.10 |
|  clk_IBUF_BUFG                                     | processor/registers/freeze_reg_49[0]         |                                               |               12 |             21 |         1.75 |
|  clk_IBUF_BUFG                                     | processor/registers/freeze_reg_46[0]         |                                               |               15 |             21 |         1.40 |
|  clk_IBUF_BUFG                                     | processor/registers/freeze_reg_45[0]         |                                               |               16 |             21 |         1.31 |
|  clk_IBUF_BUFG                                     | processor/registers/freeze_reg_44[0]         |                                               |               14 |             21 |         1.50 |
|  clk_IBUF_BUFG                                     | processor/registers/freeze_reg_96[0]         |                                               |               16 |             21 |         1.31 |
|  clk_IBUF_BUFG                                     | processor/registers/freeze_reg_100[0]        |                                               |               10 |             21 |         2.10 |
|  clk_IBUF_BUFG                                     | processor/registers/freeze_reg_84[0]         |                                               |               14 |             21 |         1.50 |
|  clk_IBUF_BUFG                                     | processor/registers/freeze_reg_83[0]         |                                               |               13 |             21 |         1.62 |
|  clk_IBUF_BUFG                                     | processor/registers/freeze_reg_85[0]         |                                               |               14 |             21 |         1.50 |
|  clk_IBUF_BUFG                                     | processor/registers/freeze_reg_90[0]         |                                               |               13 |             21 |         1.62 |
|  clk_IBUF_BUFG                                     | processor/registers/freeze_reg_86[0]         |                                               |                8 |             21 |         2.62 |
|  clk_IBUF_BUFG                                     | processor/registers/freeze_reg_87[0]         |                                               |                7 |             21 |         3.00 |
|  clk_IBUF_BUFG                                     | processor/registers/freeze_reg_89[0]         |                                               |               10 |             21 |         2.10 |
|  clk_IBUF_BUFG                                     | processor/registers/freeze_reg_9[0]          |                                               |                9 |             21 |         2.33 |
|  clk_IBUF_BUFG                                     | processor/registers/freeze_reg_95[0]         |                                               |               13 |             21 |         1.62 |
|  clk_IBUF_BUFG                                     | uart_controller/done_loading_reg[0]          |                                               |                5 |             21 |         4.20 |
|  clk_IBUF_BUFG                                     | pl/write_data                                |                                               |                5 |             21 |         4.20 |
|  clk_IBUF_BUFG                                     | processor/registers/freeze_reg_0[0]          |                                               |               13 |             21 |         1.62 |
|  clk_IBUF_BUFG                                     | processor/registers/freeze_reg_75[0]         |                                               |               12 |             21 |         1.75 |
|  clk_IBUF_BUFG                                     | processor/registers/freeze_reg_10[0]         |                                               |               13 |             21 |         1.62 |
|  clk_IBUF_BUFG                                     | processor/registers/freeze_reg_42[0]         |                                               |               10 |             21 |         2.10 |
|  clk_IBUF_BUFG                                     | processor/registers/freeze_reg_43[0]         |                                               |               13 |             21 |         1.62 |
|  clk_IBUF_BUFG                                     | processor/registers/freeze_reg_41[0]         |                                               |               11 |             21 |         1.91 |
|  clk_IBUF_BUFG                                     | processor/registers/freeze_reg_4[0]          |                                               |               12 |             21 |         1.75 |
|  clk_IBUF_BUFG                                     | processor/registers/freeze_reg_40[0]         |                                               |                9 |             21 |         2.33 |
|  clk_IBUF_BUFG                                     | processor/registers/freeze_reg_38[0]         |                                               |               10 |             21 |         2.10 |
|  clk_IBUF_BUFG                                     | processor/registers/freeze_reg_37[0]         |                                               |               11 |             21 |         1.91 |
|  clk_IBUF_BUFG                                     | processor/registers/freeze_reg_8[0]          |                                               |                9 |             21 |         2.33 |
|  clk_IBUF_BUFG                                     | processor/registers/freeze_reg_79[0]         |                                               |               11 |             21 |         1.91 |
|  clk_IBUF_BUFG                                     | processor/registers/freeze_reg_39[0]         |                                               |                9 |             21 |         2.33 |
|  clk_IBUF_BUFG                                     | processor/registers/freeze_reg_78[0]         |                                               |               12 |             21 |         1.75 |
|  clk_IBUF_BUFG                                     | processor/registers/freeze_reg_76[0]         |                                               |                8 |             21 |         2.62 |
|  proc_clk_BUFG                                     | processor/id/freeze_reg_0[0]                 | io_cont/proc_reset                            |               13 |             28 |         2.15 |
| ~io_cont/io_cont_chip_select[1]                    |                                              |                                               |                9 |             29 |         3.22 |
|  clk_IBUF_BUFG                                     |                                              |                                               |               34 |             84 |         2.47 |
+----------------------------------------------------+----------------------------------------------+-----------------------------------------------+------------------+----------------+--------------+


