#-----------------------------------------------------------
# Vivado v2023.2.2 (64-bit)
# SW Build 4126759 on Thu Feb  8 23:52:05 MST 2024
# IP Build 4126054 on Fri Feb  9 11:39:09 MST 2024
# SharedData Build 4115275 on Tue Jan 30 00:40:57 MST 2024
# Start of session at: Mon May 13 00:30:29 2024
# Process ID: 751636
# Current directory: /home/y4/Documents/school/cyber-studies/final_project/yuda_assembly/hardware/yuda_assembly01/yuda_assembly01.runs/impl_1
# Command line: vivado -log UART_test.vdi -applog -product Vivado -messageDb vivado.pb -mode batch -source UART_test.tcl -notrace
# Log file: /home/y4/Documents/school/cyber-studies/final_project/yuda_assembly/hardware/yuda_assembly01/yuda_assembly01.runs/impl_1/UART_test.vdi
# Journal file: /home/y4/Documents/school/cyber-studies/final_project/yuda_assembly/hardware/yuda_assembly01/yuda_assembly01.runs/impl_1/vivado.jou
# Running On: BSERVER05, OS: Linux, CPU Frequency: 3800.001 MHz, CPU Physical cores: 6, Host memory: 33561 MB
#-----------------------------------------------------------
source UART_test.tcl -notrace
