#-----------------------------------------------------------
# Vivado v2023.2.2 (64-bit)
# SW Build 4126759 on Thu Feb  8 23:52:05 MST 2024
# IP Build 4126054 on Fri Feb  9 11:39:09 MST 2024
# SharedData Build 4115275 on Tue Jan 30 00:40:57 MST 2024
# Start of session at: Sun Jun 23 01:04:36 2024
# Process ID: 225039
# Current directory: /home/y4/Documents/school/cyber-studies/final_project/yuda_assembly/hardware/yuda_assembly01/yuda_assembly01.runs/clk_wiz_0_synth_1
# Command line: vivado -log clk_wiz_0.vds -product Vivado -mode batch -messageDb vivado.pb -notrace -source clk_wiz_0.tcl
# Log file: /home/y4/Documents/school/cyber-studies/final_project/yuda_assembly/hardware/yuda_assembly01/yuda_assembly01.runs/clk_wiz_0_synth_1/clk_wiz_0.vds
# Journal file: /home/y4/Documents/school/cyber-studies/final_project/yuda_assembly/hardware/yuda_assembly01/yuda_assembly01.runs/clk_wiz_0_synth_1/vivado.jou
# Running On: BSERVER05, OS: Linux, CPU Frequency: 3800.313 MHz, CPU Physical cores: 6, Host memory: 33561 MB
#-----------------------------------------------------------
source clk_wiz_0.tcl -notrace
